✔ 2026-08-08 10:25:20 AM [backend\routes\AtellerApi.js:73] Login attempt for: erp
✔ 2026-08-08 10:25:20 AM [node_modules\sqlite3\lib\trace.js:25] User found, verifying password...
✔ 2026-08-08 10:25:20 AM [node_modules\sqlite3\lib\trace.js:25] Login successful for: erp
✔ 2026-08-08 10:25:36 AM [backend\routes\AtellerApi.js:457] 6
✔ 2026-08-08 10:26:11 AM [backend\routes\AkioskApi.js:133] On-prem ticket requested locally, printing on Main Kiosk...
✔ 2026-08-08 10:26:19 AM [backend\routes\AkioskApi.js:133] On-prem ticket requested locally, printing on Main Kiosk...
✔ 2026-08-08 10:26:25 AM [backend\routes\AkioskApi.js:133] On-prem ticket requested locally, printing on Main Kiosk...
✔ 2026-08-08 10:26:37 AM [backend\routes\AkioskApi.js:133] On-prem ticket requested locally, printing on Main Kiosk...
✔ 2026-08-08 10:26:44 AM [backend\routes\AkioskApi.js:133] On-prem ticket requested locally, printing on Main Kiosk...
✔ 2026-08-08 10:26:51 AM [backend\routes\AkioskApi.js:133] On-prem ticket requested locally, printing on Main Kiosk...
✔ 2026-08-08 10:35:55 AM [backend\routes\AtellerApi.js:457] 6
✔ 2026-08-08 10:44:30 AM [node:events:509] [ADS] Client disconnected: oP3jhaC3OQueWynaAAAB
✔ 2026-08-08 10:44:31 AM [node:events:509] [ADS] Client connected: pbvmqz2Ok2bXkjFGAAAH
✔ 2026-08-08 10:44:43 AM [backend\routes\AkioskApi.js:133] On-prem ticket requested locally, printing on Main Kiosk...
✔ 2026-08-08 10:44:52 AM [backend\routes\AkioskApi.js:133] On-prem ticket requested locally, printing on Main Kiosk...
✔ 2026-08-08 10:45:00 AM [backend\routes\AtellerApi.js:457] 6
✔ 2026-08-08 10:45:52 AM [backend\routes\AtellerApi.js:73] Login attempt for: cade
✔ 2026-08-08 10:45:52 AM [node_modules\sqlite3\lib\trace.js:25] User found, verifying password...
✔ 2026-08-08 10:45:52 AM [node_modules\sqlite3\lib\trace.js:25] Login successful for: cade
✔ 2026-08-08 10:45:53 AM [node:events:509] [ADS] Client connected: WmQtAvjzDNAAOnuFAAAJ
✔ 2026-08-08 10:46:41 AM [backend\routes\AtellerApi.js:457] 1
✔ 2026-08-08 10:47:04 AM [backend\routes\AtellerApi.js:457] 6
✔ 2026-08-08 10:48:03 AM [backend\routes\AtellerApi.js:457] 6
✔ 2026-08-08 10:49:38 AM [backend\routes\AkioskApi.js:133] On-prem ticket requested locally, printing on Main Kiosk...
✔ 2026-08-08 10:49:43 AM [backend\routes\AtellerApi.js:457] 6
✔ 2026-08-08 10:54:52 AM [node:events:509] [ADS] Client disconnected: WmQtAvjzDNAAOnuFAAAJ
✔ 2026-08-08 11:00:15 AM [backend\routes\AtellerApi.js:457] 6
✔ 2026-08-08 11:08:50 AM [backend\routes\AtellerApi.js:457] 6
✔ 2026-08-08 11:09:03 AM [backend\routes\AtellerApi.js:457] 6
✔ 2026-08-08 11:32:23 AM [backend\routes\AtellerApi.js:457] 6
✔ 2026-08-08 11:33:05 AM [node:events:509] [ADS] Client disconnected: pbvmqz2Ok2bXkjFGAAAH
✔ 2026-08-08 11:33:07 AM [node:events:509] [ADS] Client disconnected: bIz5s6PeyuQQE_bWAAAF
✔ 2026-08-08 11:33:07 AM [node:events:509] [ADS] Client disconnected: bcradZIpIeJR6iQLAAAD
✔ 2026-08-08 11:34:16 AM [node:events:509] [ADS] Client connected: a8dgLIGfPAFu2dRcAAAL
✔ 2026-08-08 11:34:17 AM [node:events:509] [ADS] Client connected: 7OpeoPrYAnlGYGKTAAAO
✔ 2026-08-08 11:34:17 AM [node:events:509] [ADS] Client connected: -NllUCYrb5q0MDspAAAP
✔ 2026-08-08 11:34:34 AM [node:events:509] [ADS] Client connected: 3vhfvarRQlGfpKHAAAAR
✔ 2026-08-08 11:34:35 AM [node:events:509] [ADS] Client disconnected: 3vhfvarRQlGfpKHAAAAR
✔ 2026-08-08 11:34:35 AM [node:events:509] [ADS] Client connected: 5Uyz-WQTMylBzrcPAAAT
✔ 2026-08-08 11:34:52 AM [node:events:509] [ADS] Client disconnected: -NllUCYrb5q0MDspAAAP
✔ 2026-08-08 11:35:01 AM [node:events:509] [ADS] Client disconnected: 7OpeoPrYAnlGYGKTAAAO
✔ 2026-08-08 11:35:03 AM [node:events:509] [ADS] Client connected: 1f1nvd05N8toDIBQAAAV
✔ 2026-08-08 11:35:04 AM [backend\routes\AadminApi.js:54] Login attempt for: admin
✔ 2026-08-08 11:35:04 AM [node_modules\sqlite3\lib\trace.js:25] User found, verifying password...
✔ 2026-08-08 11:35:04 AM [node_modules\sqlite3\lib\trace.js:25] Login successful for: admin
✔ 2026-08-08 11:35:05 AM [node:events:509] [ADS] Client connected: 777gF9FQh1HFH-k2AAAX
✔ 2026-08-08 11:35:11 AM [backend\routes\AtellerApi.js:73] Login attempt for: erp
✔ 2026-08-08 11:35:11 AM [node_modules\sqlite3\lib\trace.js:25] User found, verifying password...
✔ 2026-08-08 11:35:11 AM [node_modules\sqlite3\lib\trace.js:25] Login successful for: erp
✔ 2026-08-08 12:20:04 PM [node:events:509] [ADS] Client disconnected: a8dgLIGfPAFu2dRcAAAL
✔ 2026-08-08 12:20:04 PM [node:events:509] [ADS] Client disconnected: 777gF9FQh1HFH-k2AAAX
✔ 2026-08-08 12:20:04 PM [node:events:509] [ADS] Client disconnected: 5Uyz-WQTMylBzrcPAAAT
✔ 2026-08-08 12:20:05 PM [node:events:509] [ADS] Client disconnected: 1f1nvd05N8toDIBQAAAV
✔ 2026-08-08 1:11:06 PM [node:events:509] [ADS] Client connected: Uc-9oq7SPa3z9knjAAAb
✔ 2026-08-08 1:11:06 PM [node:events:509] [ADS] Client connected: edHhLW_3VmXD6lGCAAAc
✔ 2026-08-08 1:11:06 PM [node:events:509] [ADS] Client connected: rJVlMEmgtHTxYLI-AAAd
✔ 2026-08-08 1:11:12 PM [node:events:509] [ADS] Client disconnected: edHhLW_3VmXD6lGCAAAc
✔ 2026-08-08 1:11:12 PM [node:events:509] [ADS] Client disconnected: rJVlMEmgtHTxYLI-AAAd
