This file contains any messages produced by compilers while
running configure, to aid debugging if configure makes a mistake.

It was created by PCRE2 configure 10.42, which was
generated by GNU Autoconf 2.71.  Invocation command line was

  $ ./configure --disable-shared

## --------- ##
## Platform. ##
## --------- ##

hostname = osti
uname -m = aarch64
uname -r = 6.12.62+rpt-rpi-2712
uname -s = Linux
uname -v = #1 SMP PREEMPT Debian 1:6.12.62-1+rpt1 (2025-12-18)

/usr/bin/uname -p = unknown
/bin/uname -X     = unknown

/bin/arch              = aarch64
/usr/bin/arch -k       = unknown
/usr/convex/getsysinfo = unknown
/usr/bin/hostinfo      = unknown
/bin/machine           = unknown
/usr/bin/oslevel       = unknown
/bin/universe          = unknown

PATH: /usr/local/sbin/
PATH: /usr/local/bin/
PATH: /usr/sbin/
PATH: /usr/bin/
PATH: /sbin/
PATH: /bin/
PATH: /usr/local/games/
PATH: /usr/games/


## ----------- ##
## Core tests. ##
## ----------- ##

configure:2668: looking for aux files: config.guess config.sub ltmain.sh ar-lib compile missing install-sh
configure:2681:  trying ./
configure:2710:   ./config.guess found
configure:2710:   ./config.sub found
configure:2710:   ./ltmain.sh found
configure:2710:   ./ar-lib found
configure:2710:   ./compile found
configure:2710:   ./missing found
configure:2692:   ./install-sh found
configure:2840: checking for a BSD-compatible install
configure:2913: result: /usr/bin/install -c
configure:2924: checking whether build environment is sane
configure:2979: result: yes
configure:3138: checking for a race-free mkdir -p
configure:3182: result: /usr/bin/mkdir -p
configure:3189: checking for gawk
configure:3224: result: no
configure:3189: checking for mawk
configure:3210: found /usr/bin/mawk
configure:3221: result: mawk
configure:3232: checking whether make sets $(MAKE)
configure:3255: result: yes
configure:3285: checking whether make supports nested variables
configure:3303: result: yes
configure:3451: checking whether make supports nested variables
configure:3469: result: yes
configure:3558: checking for gcc
configure:3590: result: cc
configure:3943: checking for C compiler version
configure:3952: cc --version >&5
cc (Debian 14.2.0-19) 14.2.0
Copyright (C) 2024 Free Software Foundation, Inc.
This is free software; see the source for copying conditions.  There is NO
warranty; not even for MERCHANTABILITY or FITNESS FOR A PARTICULAR PURPOSE.

configure:3963: $? = 0
configure:3952: cc -v >&5
Using built-in specs.
COLLECT_GCC=cc
COLLECT_LTO_WRAPPER=/usr/libexec/gcc/aarch64-linux-gnu/14/lto-wrapper
OFFLOAD_TARGET_NAMES=nvptx-none
OFFLOAD_TARGET_DEFAULT=1
Target: aarch64-linux-gnu
Configured with: ../src/configure -v --with-pkgversion='Debian 14.2.0-19' --with-bugurl=file:///usr/share/doc/gcc-14/README.Bugs --enable-languages=c,ada,c++,go,d,fortran,objc,obj-c++,m2,rust --prefix=/usr --with-gcc-major-version-only --program-suffix=-14 --program-prefix=aarch64-linux-gnu- --enable-shared --enable-linker-build-id --libexecdir=/usr/libexec --without-included-gettext --enable-threads=posix --libdir=/usr/lib --enable-nls --enable-bootstrap --enable-clocale=gnu --enable-libstdcxx-debug --enable-libstdcxx-time=yes --with-default-libstdcxx-abi=new --enable-libstdcxx-backtrace --enable-gnu-unique-object --disable-libquadmath --disable-libquadmath-support --enable-plugin --enable-default-pie --with-system-zlib --enable-libphobos-checking=release --with-target-system-zlib=auto --enable-objc-gc=auto --enable-multiarch --enable-fix-cortex-a53-843419 --disable-werror --enable-offload-targets=nvptx-none=/build/reproducible-path/gcc-14-14.2.0/debian/tmp-nvptx/usr --enable-offload-defaulted --without-cuda-driver --enable-checking=release --build=aarch64-linux-gnu --host=aarch64-linux-gnu --target=aarch64-linux-gnu --with-build-config=bootstrap-lto-lean --enable-link-serialization=2
Thread model: posix
Supported LTO compression algorithms: zlib zstd
gcc version 14.2.0 (Debian 14.2.0-19) 
... rest of stderr output deleted ...
configure:3963: $? = 0
configure:3952: cc -V >&5
cc: error: unrecognized command-line option '-V'
cc: fatal error: no input files
compilation terminated.
configure:3963: $? = 1
configure:3952: cc -qversion >&5
cc: error: unrecognized command-line option '-qversion'; did you mean '--version'?
cc: fatal error: no input files
compilation terminated.
configure:3963: $? = 1
configure:3952: cc -version >&5
cc: error: unrecognized command-line option '-version'
cc: fatal error: no input files
compilation terminated.
configure:3963: $? = 1
configure:3983: checking whether the C compiler works
configure:4005: cc -O2 -fomit-frame-pointer -pipe    conftest.c  >&5
configure:4009: $? = 0
configure:4059: result: yes
configure:4062: checking for C compiler default output file name
configure:4064: result: a.out
configure:4070: checking for suffix of executables
configure:4077: cc -o conftest -O2 -fomit-frame-pointer -pipe    conftest.c  >&5
configure:4081: $? = 0
configure:4104: result: 
configure:4126: checking whether we are cross compiling
configure:4134: cc -o conftest -O2 -fomit-frame-pointer -pipe    conftest.c  >&5
configure:4138: $? = 0
configure:4145: ./conftest
configure:4149: $? = 0
configure:4164: result: no
configure:4169: checking for suffix of object files
configure:4192: cc -c -O2 -fomit-frame-pointer -pipe   conftest.c >&5
configure:4196: $? = 0
configure:4218: result: o
configure:4222: checking whether the compiler supports GNU C
configure:4242: cc -c -O2 -fomit-frame-pointer -pipe   conftest.c >&5
configure:4242: $? = 0
configure:4252: result: yes
configure:4263: checking whether cc accepts -g
configure:4284: cc -c -g  conftest.c >&5
configure:4284: $? = 0
configure:4328: result: yes
configure:4348: checking for cc option to enable C11 features
configure:4363: cc  -c -O2 -fomit-frame-pointer -pipe   conftest.c >&5
configure:4363: $? = 0
configure:4381: result: none needed
configure:4497: checking whether cc understands -c and -o together
configure:4520: cc -c conftest.c -o conftest2.o
configure:4523: $? = 0
configure:4520: cc -c conftest.c -o conftest2.o
configure:4523: $? = 0
configure:4535: result: yes
configure:4555: checking whether make supports the include directive
configure:4570: make -f confmf.GNU && cat confinc.out
make[2]: Entering directory '/home/osti/OpenQSocketMultiple/deps/pcre'
make[2]: Leaving directory '/home/osti/OpenQSocketMultiple/deps/pcre'
this is the am__doit target
configure:4573: $? = 0
configure:4592: result: yes (GNU style)
configure:4618: checking dependency style of cc
configure:4730: result: gcc3
configure:4751: checking for stdio.h
configure:4751: cc -c -O2 -fomit-frame-pointer -pipe   conftest.c >&5
configure:4751: $? = 0
configure:4751: result: yes
configure:4751: checking for stdlib.h
configure:4751: cc -c -O2 -fomit-frame-pointer -pipe   conftest.c >&5
configure:4751: $? = 0
configure:4751: result: yes
configure:4751: checking for string.h
configure:4751: cc -c -O2 -fomit-frame-pointer -pipe   conftest.c >&5
configure:4751: $? = 0
configure:4751: result: yes
configure:4751: checking for inttypes.h
configure:4751: cc -c -O2 -fomit-frame-pointer -pipe   conftest.c >&5
configure:4751: $? = 0
configure:4751: result: yes
configure:4751: checking for stdint.h
configure:4751: cc -c -O2 -fomit-frame-pointer -pipe   conftest.c >&5
configure:4751: $? = 0
configure:4751: result: yes
configure:4751: checking for strings.h
configure:4751: cc -c -O2 -fomit-frame-pointer -pipe   conftest.c >&5
configure:4751: $? = 0
configure:4751: result: yes
configure:4751: checking for sys/stat.h
configure:4751: cc -c -O2 -fomit-frame-pointer -pipe   conftest.c >&5
configure:4751: $? = 0
configure:4751: result: yes
configure:4751: checking for sys/types.h
configure:4751: cc -c -O2 -fomit-frame-pointer -pipe   conftest.c >&5
configure:4751: $? = 0
configure:4751: result: yes
configure:4751: checking for unistd.h
configure:4751: cc -c -O2 -fomit-frame-pointer -pipe   conftest.c >&5
configure:4751: $? = 0
configure:4751: result: yes
configure:4751: checking for wchar.h
configure:4751: cc -c -O2 -fomit-frame-pointer -pipe   conftest.c >&5
configure:4751: $? = 0
configure:4751: result: yes
configure:4751: checking for minix/config.h
configure:4751: cc -c -O2 -fomit-frame-pointer -pipe   conftest.c >&5
conftest.c:49:10: fatal error: minix/config.h: No such file or directory
   49 | #include <minix/config.h>
      |          ^~~~~~~~~~~~~~~~
compilation terminated.
configure:4751: $? = 1
configure: failed program was:
| /* confdefs.h */
| #define PACKAGE_NAME "PCRE2"
| #define PACKAGE_TARNAME "pcre2"
| #define PACKAGE_VERSION "10.42"
| #define PACKAGE_STRING "PCRE2 10.42"
| #define PACKAGE_BUGREPORT ""
| #define PACKAGE_URL ""
| #define PACKAGE "pcre2"
| #define VERSION "10.42"
| #define HAVE_STDIO_H 1
| #define HAVE_STDLIB_H 1
| #define HAVE_STRING_H 1
| #define HAVE_INTTYPES_H 1
| #define HAVE_STDINT_H 1
| #define HAVE_STRINGS_H 1
| #define HAVE_SYS_STAT_H 1
| #define HAVE_SYS_TYPES_H 1
| #define HAVE_UNISTD_H 1
| #define HAVE_WCHAR_H 1
| /* end confdefs.h.  */
| #include <stddef.h>
| #ifdef HAVE_STDIO_H
| # include <stdio.h>
| #endif
| #ifdef HAVE_STDLIB_H
| # include <stdlib.h>
| #endif
| #ifdef HAVE_STRING_H
| # include <string.h>
| #endif
| #ifdef HAVE_INTTYPES_H
| # include <inttypes.h>
| #endif
| #ifdef HAVE_STDINT_H
| # include <stdint.h>
| #endif
| #ifdef HAVE_STRINGS_H
| # include <strings.h>
| #endif
| #ifdef HAVE_SYS_TYPES_H
| # include <sys/types.h>
| #endif
| #ifdef HAVE_SYS_STAT_H
| # include <sys/stat.h>
| #endif
| #ifdef HAVE_UNISTD_H
| # include <unistd.h>
| #endif
| #include <minix/config.h>
configure:4751: result: no
configure:4782: checking whether it is safe to define __EXTENSIONS__
configure:4801: cc -c -O2 -fomit-frame-pointer -pipe   conftest.c >&5
configure:4801: $? = 0
configure:4809: result: yes
configure:4812: checking whether _XOPEN_SOURCE should be defined
configure:4834: cc -c -O2 -fomit-frame-pointer -pipe   conftest.c >&5
configure:4834: $? = 0
configure:4861: result: no
configure:4985: checking for ar
configure:5006: found /usr/bin/ar
configure:5017: result: ar
configure:5043: checking the archiver (ar) interface
configure:5060: cc -c -O2 -fomit-frame-pointer -pipe   conftest.c >&5
configure:5060: $? = 0
configure:5063: ar cru libconftest.a conftest.o >&5
ar: `u' modifier ignored since `D' is the default (see `U')
configure:5066: $? = 0
configure:5094: result: ar
configure:5116: checking for int64_t
configure:5116: cc -c -O2 -fomit-frame-pointer -pipe   conftest.c >&5
configure:5116: $? = 0
configure:5116: cc -c -O2 -fomit-frame-pointer -pipe   conftest.c >&5
conftest.c: In function 'main':
conftest.c:71:67: warning: integer overflow in expression of type 'long int' results in '-9223372036854775808' [-Woverflow]
   71 |                  < (int64_t) (((((int64_t) 1 << N) << N) - 1) * 2 + 2))];
      |                                                                   ^
conftest.c:70:12: error: storage size of 'test_array' isn't constant
   70 | static int test_array [1 - 2 * !((int64_t) (((((int64_t) 1 << N) << N) - 1) * 2 + 1)
      |            ^~~~~~~~~~
configure:5116: $? = 1
configure: failed program was:
| /* confdefs.h */
| #define PACKAGE_NAME "PCRE2"
| #define PACKAGE_TARNAME "pcre2"
| #define PACKAGE_VERSION "10.42"
| #define PACKAGE_STRING "PCRE2 10.42"
| #define PACKAGE_BUGREPORT ""
| #define PACKAGE_URL ""
| #define PACKAGE "pcre2"
| #define VERSION "10.42"
| #define HAVE_STDIO_H 1
| #define HAVE_STDLIB_H 1
| #define HAVE_STRING_H 1
| #define HAVE_INTTYPES_H 1
| #define HAVE_STDINT_H 1
| #define HAVE_STRINGS_H 1
| #define HAVE_SYS_STAT_H 1
| #define HAVE_SYS_TYPES_H 1
| #define HAVE_UNISTD_H 1
| #define HAVE_WCHAR_H 1
| #define STDC_HEADERS 1
| #define _ALL_SOURCE 1
| #define _DARWIN_C_SOURCE 1
| #define _GNU_SOURCE 1
| #define _HPUX_ALT_XOPEN_SOCKET_API 1
| #define _NETBSD_SOURCE 1
| #define _OPENBSD_SOURCE 1
| #define _POSIX_PTHREAD_SEMANTICS 1
| #define __STDC_WANT_IEC_60559_ATTRIBS_EXT__ 1
| #define __STDC_WANT_IEC_60559_BFP_EXT__ 1
| #define __STDC_WANT_IEC_60559_DFP_EXT__ 1
| #define __STDC_WANT_IEC_60559_FUNCS_EXT__ 1
| #define __STDC_WANT_IEC_60559_TYPES_EXT__ 1
| #define __STDC_WANT_LIB_EXT2__ 1
| #define __STDC_WANT_MATH_SPEC_FUNCS__ 1
| #define _TANDEM_SOURCE 1
| #define __EXTENSIONS__ 1
| /* end confdefs.h.  */
| #include <stddef.h>
| #ifdef HAVE_STDIO_H
| # include <stdio.h>
| #endif
| #ifdef HAVE_STDLIB_H
| # include <stdlib.h>
| #endif
| #ifdef HAVE_STRING_H
| # include <string.h>
| #endif
| #ifdef HAVE_INTTYPES_H
| # include <inttypes.h>
| #endif
| #ifdef HAVE_STDINT_H
| # include <stdint.h>
| #endif
| #ifdef HAVE_STRINGS_H
| # include <strings.h>
| #endif
| #ifdef HAVE_SYS_TYPES_H
| # include <sys/types.h>
| #endif
| #ifdef HAVE_SYS_STAT_H
| # include <sys/stat.h>
| #endif
| #ifdef HAVE_UNISTD_H
| # include <unistd.h>
| #endif
| 	        enum { N = 64 / 2 - 1 };
| int
| main (void)
| {
| static int test_array [1 - 2 * !((int64_t) (((((int64_t) 1 << N) << N) - 1) * 2 + 1)
| 		 < (int64_t) (((((int64_t) 1 << N) << N) - 1) * 2 + 2))];
| test_array [0] = 0;
| return test_array [0];
| 
|   ;
|   return 0;
| }
configure:5116: result: yes
configure:5159: checking build system type
configure:5174: result: aarch64-unknown-linux-gnu
configure:5194: checking host system type
configure:5208: result: aarch64-unknown-linux-gnu
configure:5249: checking how to print strings
configure:5276: result: printf
configure:5297: checking for a sed that does not truncate output
configure:5367: result: /usr/bin/sed
configure:5385: checking for grep that handles long lines and -e
configure:5449: result: /usr/bin/grep
configure:5454: checking for egrep
configure:5522: result: /usr/bin/grep -E
configure:5527: checking for fgrep
configure:5595: result: /usr/bin/grep -F
configure:5631: checking for ld used by cc
configure:5699: result: /usr/bin/ld
configure:5706: checking if the linker (/usr/bin/ld) is GNU ld
configure:5722: result: yes
configure:5734: checking for BSD- or MS-compatible name lister (nm)
configure:5789: result: /usr/bin/nm -B
configure:5929: checking the name lister (/usr/bin/nm -B) interface
configure:5937: cc -c -O2 -fomit-frame-pointer -pipe   conftest.c >&5
configure:5940: /usr/bin/nm -B "conftest.o"
configure:5943: output
0000000000000000 B some_variable
configure:5950: result: BSD nm
configure:5953: checking whether ln -s works
configure:5957: result: yes
configure:5965: checking the maximum length of command line arguments
configure:6097: result: 1572864
configure:6145: checking how to convert aarch64-unknown-linux-gnu file names to aarch64-unknown-linux-gnu format
configure:6186: result: func_convert_file_noop
configure:6193: checking how to convert aarch64-unknown-linux-gnu file names to toolchain format
configure:6214: result: func_convert_file_noop
configure:6221: checking for /usr/bin/ld option to reload object files
configure:6229: result: -r
configure:6308: checking for file
configure:6329: found /usr/bin/file
configure:6340: result: file
configure:6416: checking for objdump
configure:6437: found /usr/bin/objdump
configure:6448: result: objdump
configure:6477: checking how to recognize dependent libraries
configure:6678: result: pass_all
configure:6768: checking for dlltool
configure:6803: result: no
configure:6830: checking how to associate runtime and link libraries
configure:6858: result: printf %s\n
configure:7008: checking for archiver @FILE support
configure:7026: cc -c -O2 -fomit-frame-pointer -pipe   conftest.c >&5
configure:7026: $? = 0
configure:7030: ar cr libconftest.a @conftest.lst >&5
configure:7033: $? = 0
configure:7038: ar cr libconftest.a @conftest.lst >&5
ar: conftest.o: No such file or directory
configure:7041: $? = 1
configure:7053: result: @
configure:7116: checking for strip
configure:7137: found /usr/bin/strip
configure:7148: result: strip
configure:7225: checking for ranlib
configure:7246: found /usr/bin/ranlib
configure:7257: result: ranlib
configure:7359: checking command to parse /usr/bin/nm -B output from cc object
configure:7513: cc -c -O2 -fomit-frame-pointer -pipe   conftest.c >&5
configure:7516: $? = 0
configure:7520: /usr/bin/nm -B conftest.o \| /usr/bin/sed -n -e 's/^.*[ ]\([ABCDGIRSTW][ABCDGIRSTW]*\)[ ][ ]*\([_A-Za-z][_A-Za-z0-9]*\)$/\1 \2 \2/p' | /usr/bin/sed '/ __gnu_lto/d' \> conftest.nm
configure:7523: $? = 0
configure:7589: cc -o conftest -O2 -fomit-frame-pointer -pipe    conftest.c conftstm.o >&5
configure:7592: $? = 0
configure:7630: result: ok
configure:7677: checking for sysroot
configure:7708: result: no
configure:7715: checking for a working dd
configure:7759: result: /usr/bin/dd
configure:7763: checking how to truncate binary pipes
configure:7779: result: /usr/bin/dd bs=4096 count=1
configure:8116: checking for mt
configure:8137: found /usr/bin/mt
configure:8148: result: mt
configure:8171: checking if mt is a manifest tool
configure:8178: mt '-?'
configure:8186: result: no
configure:8907: checking for dlfcn.h
configure:8907: cc -c -O2 -fomit-frame-pointer -pipe   conftest.c >&5
configure:8907: $? = 0
configure:8907: result: yes
configure:9494: checking for objdir
configure:9510: result: .libs
configure:9774: checking if cc supports -fno-rtti -fno-exceptions
configure:9793: cc -c -O2 -fomit-frame-pointer -pipe   -fno-rtti -fno-exceptions conftest.c >&5
cc1: warning: command-line option '-fno-rtti' is valid for C++/D/ObjC++ but not for C
configure:9797: $? = 0
configure:9810: result: no
configure:10168: checking for cc option to produce PIC
configure:10176: result: -fPIC -DPIC
configure:10184: checking if cc PIC flag -fPIC -DPIC works
configure:10203: cc -c -O2 -fomit-frame-pointer -pipe   -fPIC -DPIC -DPIC conftest.c >&5
configure:10207: $? = 0
configure:10220: result: yes
configure:10249: checking if cc static flag -static works
configure:10278: result: yes
configure:10293: checking if cc supports -c -o file.o
configure:10315: cc -c -O2 -fomit-frame-pointer -pipe   -o out/conftest2.o conftest.c >&5
configure:10319: $? = 0
configure:10341: result: yes
configure:10349: checking if cc supports -c -o file.o
configure:10397: result: yes
configure:10430: checking whether the cc linker (/usr/bin/ld) supports shared libraries
configure:11698: result: yes
configure:11939: checking dynamic linker characteristics
configure:12521: cc -o conftest -O2 -fomit-frame-pointer -pipe    -Wl,-rpath -Wl,/foo conftest.c  >&5
configure:12521: $? = 0
configure:12760: result: GNU/Linux ld.so
configure:12882: checking how to hardcode library paths into programs
configure:12907: result: immediate
configure:13459: checking whether stripping libraries is possible
configure:13468: result: yes
configure:13510: checking if libtool supports shared libraries
configure:13512: result: yes
configure:13515: checking whether to build shared libraries
configure:13540: result: no
configure:13543: checking whether to build static libraries
configure:13547: result: yes
configure:13584: checking whether ln -s works
configure:13588: result: yes
configure:13604: checking for special C compiler options needed for large files
configure:13652: result: no
configure:13658: checking for _FILE_OFFSET_BITS value needed for large files
configure:13684: cc -c -O2 -fomit-frame-pointer -pipe   conftest.c >&5
configure:13684: $? = 0
configure:13718: result: no
configure:13809: checking whether the -Werror option is usable
configure:13829: cc -c -O2 -fomit-frame-pointer -pipe  -Werror  conftest.c >&5
configure:13829: $? = 0
configure:13839: result: yes
configure:13841: checking for simple visibility declarations
configure:13869: cc -c -O2 -fomit-frame-pointer -pipe  -fvisibility=hidden -Werror  conftest.c >&5
configure:13869: $? = 0
configure:13879: result: yes
configure:13909: checking for __attribute__((uninitialized))
configure:13930: cc -c -O2 -fomit-frame-pointer -pipe  -Werror  conftest.c >&5
configure:13930: $? = 0
configure:13937: result: yes
configure:14510: checking for limits.h
configure:14510: cc -c -O2 -fomit-frame-pointer -pipe   conftest.c >&5
configure:14510: $? = 0
configure:14510: result: yes
configure:14516: checking for sys/types.h
configure:14516: result: yes
configure:14522: checking for sys/stat.h
configure:14522: result: yes
configure:14528: checking for dirent.h
configure:14528: cc -c -O2 -fomit-frame-pointer -pipe   conftest.c >&5
configure:14528: $? = 0
configure:14528: result: yes
configure:14537: checking for windows.h
configure:14537: cc -c -O2 -fomit-frame-pointer -pipe   conftest.c >&5
conftest.c:78:10: fatal error: windows.h: No such file or directory
   78 | #include <windows.h>
      |          ^~~~~~~~~~~
compilation terminated.
configure:14537: $? = 1
configure: failed program was:
| /* confdefs.h */
| #define PACKAGE_NAME "PCRE2"
| #define PACKAGE_TARNAME "pcre2"
| #define PACKAGE_VERSION "10.42"
| #define PACKAGE_STRING "PCRE2 10.42"
| #define PACKAGE_BUGREPORT ""
| #define PACKAGE_URL ""
| #define PACKAGE "pcre2"
| #define VERSION "10.42"
| #define HAVE_STDIO_H 1
| #define HAVE_STDLIB_H 1
| #define HAVE_STRING_H 1
| #define HAVE_INTTYPES_H 1
| #define HAVE_STDINT_H 1
| #define HAVE_STRINGS_H 1
| #define HAVE_SYS_STAT_H 1
| #define HAVE_SYS_TYPES_H 1
| #define HAVE_UNISTD_H 1
| #define HAVE_WCHAR_H 1
| #define STDC_HEADERS 1
| #define _ALL_SOURCE 1
| #define _DARWIN_C_SOURCE 1
| #define _GNU_SOURCE 1
| #define _HPUX_ALT_XOPEN_SOCKET_API 1
| #define _NETBSD_SOURCE 1
| #define _OPENBSD_SOURCE 1
| #define _POSIX_PTHREAD_SEMANTICS 1
| #define __STDC_WANT_IEC_60559_ATTRIBS_EXT__ 1
| #define __STDC_WANT_IEC_60559_BFP_EXT__ 1
| #define __STDC_WANT_IEC_60559_DFP_EXT__ 1
| #define __STDC_WANT_IEC_60559_FUNCS_EXT__ 1
| #define __STDC_WANT_IEC_60559_TYPES_EXT__ 1
| #define __STDC_WANT_LIB_EXT2__ 1
| #define __STDC_WANT_MATH_SPEC_FUNCS__ 1
| #define _TANDEM_SOURCE 1
| #define __EXTENSIONS__ 1
| #define HAVE_DLFCN_H 1
| #define LT_OBJDIR ".libs/"
| #define PCRE2_EXP_DECL extern __attribute__ ((visibility ("default")))
| #define PCRE2_EXP_DEFN __attribute__ ((visibility ("default")))
| #define PCRE2POSIX_EXP_DECL extern __attribute__ ((visibility ("default")))
| #define PCRE2POSIX_EXP_DEFN extern __attribute__ ((visibility ("default")))
| #define HAVE_VISIBILITY 1
| #define HAVE_ATTRIBUTE_UNINITIALIZED 1
| #define HAVE_LIMITS_H 1
| #define HAVE_SYS_TYPES_H 1
| #define HAVE_SYS_STAT_H 1
| #define HAVE_DIRENT_H 1
| /* end confdefs.h.  */
| #include <stddef.h>
| #ifdef HAVE_STDIO_H
| # include <stdio.h>
| #endif
| #ifdef HAVE_STDLIB_H
| # include <stdlib.h>
| #endif
| #ifdef HAVE_STRING_H
| # include <string.h>
| #endif
| #ifdef HAVE_INTTYPES_H
| # include <inttypes.h>
| #endif
| #ifdef HAVE_STDINT_H
| # include <stdint.h>
| #endif
| #ifdef HAVE_STRINGS_H
| # include <strings.h>
| #endif
| #ifdef HAVE_SYS_TYPES_H
| # include <sys/types.h>
| #endif
| #ifdef HAVE_SYS_STAT_H
| # include <sys/stat.h>
| #endif
| #ifdef HAVE_UNISTD_H
| # include <unistd.h>
| #endif
| #include <windows.h>
configure:14537: result: no
configure:14547: checking for sys/wait.h
configure:14547: cc -c -O2 -fomit-frame-pointer -pipe   conftest.c >&5
configure:14547: $? = 0
configure:14547: result: yes
configure:14637: checking for an ANSI C-conforming const
configure:14704: cc -c -O2 -fomit-frame-pointer -pipe   conftest.c >&5
configure:14704: $? = 0
configure:14712: result: yes
configure:14720: checking for size_t
configure:14720: cc -c -O2 -fomit-frame-pointer -pipe   conftest.c >&5
configure:14720: $? = 0
configure:14720: cc -c -O2 -fomit-frame-pointer -pipe   conftest.c >&5
conftest.c: In function 'main':
conftest.c:82:21: error: expected expression before ')' token
   82 | if (sizeof ((size_t)))
      |                     ^
configure:14720: $? = 1
configure: failed program was:
| /* confdefs.h */
| #define PACKAGE_NAME "PCRE2"
| #define PACKAGE_TARNAME "pcre2"
| #define PACKAGE_VERSION "10.42"
| #define PACKAGE_STRING "PCRE2 10.42"
| #define PACKAGE_BUGREPORT ""
| #define PACKAGE_URL ""
| #define PACKAGE "pcre2"
| #define VERSION "10.42"
| #define HAVE_STDIO_H 1
| #define HAVE_STDLIB_H 1
| #define HAVE_STRING_H 1
| #define HAVE_INTTYPES_H 1
| #define HAVE_STDINT_H 1
| #define HAVE_STRINGS_H 1
| #define HAVE_SYS_STAT_H 1
| #define HAVE_SYS_TYPES_H 1
| #define HAVE_UNISTD_H 1
| #define HAVE_WCHAR_H 1
| #define STDC_HEADERS 1
| #define _ALL_SOURCE 1
| #define _DARWIN_C_SOURCE 1
| #define _GNU_SOURCE 1
| #define _HPUX_ALT_XOPEN_SOCKET_API 1
| #define _NETBSD_SOURCE 1
| #define _OPENBSD_SOURCE 1
| #define _POSIX_PTHREAD_SEMANTICS 1
| #define __STDC_WANT_IEC_60559_ATTRIBS_EXT__ 1
| #define __STDC_WANT_IEC_60559_BFP_EXT__ 1
| #define __STDC_WANT_IEC_60559_DFP_EXT__ 1
| #define __STDC_WANT_IEC_60559_FUNCS_EXT__ 1
| #define __STDC_WANT_IEC_60559_TYPES_EXT__ 1
| #define __STDC_WANT_LIB_EXT2__ 1
| #define __STDC_WANT_MATH_SPEC_FUNCS__ 1
| #define _TANDEM_SOURCE 1
| #define __EXTENSIONS__ 1
| #define HAVE_DLFCN_H 1
| #define LT_OBJDIR ".libs/"
| #define PCRE2_EXP_DECL extern __attribute__ ((visibility ("default")))
| #define PCRE2_EXP_DEFN __attribute__ ((visibility ("default")))
| #define PCRE2POSIX_EXP_DECL extern __attribute__ ((visibility ("default")))
| #define PCRE2POSIX_EXP_DEFN extern __attribute__ ((visibility ("default")))
| #define HAVE_VISIBILITY 1
| #define HAVE_ATTRIBUTE_UNINITIALIZED 1
| #define HAVE_LIMITS_H 1
| #define HAVE_SYS_TYPES_H 1
| #define HAVE_SYS_STAT_H 1
| #define HAVE_DIRENT_H 1
| #define HAVE_SYS_WAIT_H 1
| /* end confdefs.h.  */
| #include <stddef.h>
| #ifdef HAVE_STDIO_H
| # include <stdio.h>
| #endif
| #ifdef HAVE_STDLIB_H
| # include <stdlib.h>
| #endif
| #ifdef HAVE_STRING_H
| # include <string.h>
| #endif
| #ifdef HAVE_INTTYPES_H
| # include <inttypes.h>
| #endif
| #ifdef HAVE_STDINT_H
| # include <stdint.h>
| #endif
| #ifdef HAVE_STRINGS_H
| # include <strings.h>
| #endif
| #ifdef HAVE_SYS_TYPES_H
| # include <sys/types.h>
| #endif
| #ifdef HAVE_SYS_STAT_H
| # include <sys/stat.h>
| #endif
| #ifdef HAVE_UNISTD_H
| # include <unistd.h>
| #endif
| int
| main (void)
| {
| if (sizeof ((size_t)))
| 	    return 0;
|   ;
|   return 0;
| }
configure:14720: result: yes
configure:14733: checking for bcopy
configure:14733: cc -o conftest -O2 -fomit-frame-pointer -pipe    conftest.c  >&5
conftest.c:67:6: warning: conflicting types for built-in function 'bcopy'; expected 'void(const void *, void *, long unsigned int)' [-Wbuiltin-declaration-mismatch]
   67 | char bcopy ();
      |      ^~~~~
configure:14733: $? = 0
configure:14733: result: yes
configure:14739: checking for memfd_create
configure:14739: cc -o conftest -O2 -fomit-frame-pointer -pipe    conftest.c  >&5
configure:14739: $? = 0
configure:14739: result: yes
configure:14745: checking for memmove
configure:14745: cc -o conftest -O2 -fomit-frame-pointer -pipe    conftest.c  >&5
conftest.c:69:6: warning: conflicting types for built-in function 'memmove'; expected 'void *(void *, const void *, long unsigned int)' [-Wbuiltin-declaration-mismatch]
   69 | char memmove ();
      |      ^~~~~~~
conftest.c:61:1: note: 'memmove' is declared in header '<string.h>'
   60 | #include <limits.h>
   61 | #undef memmove
configure:14745: $? = 0
configure:14745: result: yes
configure:14751: checking for mkostemp
configure:14751: cc -o conftest -O2 -fomit-frame-pointer -pipe    conftest.c  >&5
configure:14751: $? = 0
configure:14751: result: yes
configure:14757: checking for secure_getenv
configure:14757: cc -o conftest -O2 -fomit-frame-pointer -pipe    conftest.c  >&5
configure:14757: $? = 0
configure:14757: result: yes
configure:14763: checking for strerror
configure:14763: cc -o conftest -O2 -fomit-frame-pointer -pipe    conftest.c  >&5
configure:14763: $? = 0
configure:14763: result: yes
configure:14770: checking for realpath
configure:14789: cc -o conftest -O2 -fomit-frame-pointer -pipe    conftest.c  >&5
configure:14789: $? = 0
configure:14791: result: yes
configure:14808: checking for zlib.h
configure:14808: cc -c -O2 -fomit-frame-pointer -pipe   conftest.c >&5
configure:14808: $? = 0
configure:14808: result: yes
configure:14816: checking for gzopen in -lz
configure:14839: cc -o conftest -O2 -fomit-frame-pointer -pipe    conftest.c -lz   >&5
configure:14839: $? = 0
configure:14849: result: yes
configure:14875: checking for bzlib.h
configure:14875: cc -c -O2 -fomit-frame-pointer -pipe   conftest.c >&5
conftest.c:87:10: fatal error: bzlib.h: No such file or directory
   87 | #include <bzlib.h>
      |          ^~~~~~~~~
compilation terminated.
configure:14875: $? = 1
configure: failed program was:
| /* confdefs.h */
| #define PACKAGE_NAME "PCRE2"
| #define PACKAGE_TARNAME "pcre2"
| #define PACKAGE_VERSION "10.42"
| #define PACKAGE_STRING "PCRE2 10.42"
| #define PACKAGE_BUGREPORT ""
| #define PACKAGE_URL ""
| #define PACKAGE "pcre2"
| #define VERSION "10.42"
| #define HAVE_STDIO_H 1
| #define HAVE_STDLIB_H 1
| #define HAVE_STRING_H 1
| #define HAVE_INTTYPES_H 1
| #define HAVE_STDINT_H 1
| #define HAVE_STRINGS_H 1
| #define HAVE_SYS_STAT_H 1
| #define HAVE_SYS_TYPES_H 1
| #define HAVE_UNISTD_H 1
| #define HAVE_WCHAR_H 1
| #define STDC_HEADERS 1
| #define _ALL_SOURCE 1
| #define _DARWIN_C_SOURCE 1
| #define _GNU_SOURCE 1
| #define _HPUX_ALT_XOPEN_SOCKET_API 1
| #define _NETBSD_SOURCE 1
| #define _OPENBSD_SOURCE 1
| #define _POSIX_PTHREAD_SEMANTICS 1
| #define __STDC_WANT_IEC_60559_ATTRIBS_EXT__ 1
| #define __STDC_WANT_IEC_60559_BFP_EXT__ 1
| #define __STDC_WANT_IEC_60559_DFP_EXT__ 1
| #define __STDC_WANT_IEC_60559_FUNCS_EXT__ 1
| #define __STDC_WANT_IEC_60559_TYPES_EXT__ 1
| #define __STDC_WANT_LIB_EXT2__ 1
| #define __STDC_WANT_MATH_SPEC_FUNCS__ 1
| #define _TANDEM_SOURCE 1
| #define __EXTENSIONS__ 1
| #define HAVE_DLFCN_H 1
| #define LT_OBJDIR ".libs/"
| #define PCRE2_EXP_DECL extern __attribute__ ((visibility ("default")))
| #define PCRE2_EXP_DEFN __attribute__ ((visibility ("default")))
| #define PCRE2POSIX_EXP_DECL extern __attribute__ ((visibility ("default")))
| #define PCRE2POSIX_EXP_DEFN extern __attribute__ ((visibility ("default")))
| #define HAVE_VISIBILITY 1
| #define HAVE_ATTRIBUTE_UNINITIALIZED 1
| #define HAVE_LIMITS_H 1
| #define HAVE_SYS_TYPES_H 1
| #define HAVE_SYS_STAT_H 1
| #define HAVE_DIRENT_H 1
| #define HAVE_SYS_WAIT_H 1
| #define HAVE_BCOPY 1
| #define HAVE_MEMFD_CREATE 1
| #define HAVE_MEMMOVE 1
| #define HAVE_MKOSTEMP 1
| #define HAVE_SECURE_GETENV 1
| #define HAVE_STRERROR 1
| #define HAVE_REALPATH 1
| #define HAVE_ZLIB_H 1
| /* end confdefs.h.  */
| #include <stddef.h>
| #ifdef HAVE_STDIO_H
| # include <stdio.h>
| #endif
| #ifdef HAVE_STDLIB_H
| # include <stdlib.h>
| #endif
| #ifdef HAVE_STRING_H
| # include <string.h>
| #endif
| #ifdef HAVE_INTTYPES_H
| # include <inttypes.h>
| #endif
| #ifdef HAVE_STDINT_H
| # include <stdint.h>
| #endif
| #ifdef HAVE_STRINGS_H
| # include <strings.h>
| #endif
| #ifdef HAVE_SYS_TYPES_H
| # include <sys/types.h>
| #endif
| #ifdef HAVE_SYS_STAT_H
| # include <sys/stat.h>
| #endif
| #ifdef HAVE_UNISTD_H
| # include <unistd.h>
| #endif
| #include <bzlib.h>
configure:14875: result: no
configure:14888: checking for libbz2
configure:14906: cc -o conftest -O2 -fomit-frame-pointer -pipe    conftest.c  -lbz2 >&5
conftest.c: In function 'main':
conftest.c:66:13: error: implicit declaration of function 'BZ2_bzopen' [-Wimplicit-function-declaration]
   66 | return (int)BZ2_bzopen("conftest", "rb");
      |             ^~~~~~~~~~
configure:14906: $? = 1
configure: failed program was:
| /* confdefs.h */
| #define PACKAGE_NAME "PCRE2"
| #define PACKAGE_TARNAME "pcre2"
| #define PACKAGE_VERSION "10.42"
| #define PACKAGE_STRING "PCRE2 10.42"
| #define PACKAGE_BUGREPORT ""
| #define PACKAGE_URL ""
| #define PACKAGE "pcre2"
| #define VERSION "10.42"
| #define HAVE_STDIO_H 1
| #define HAVE_STDLIB_H 1
| #define HAVE_STRING_H 1
| #define HAVE_INTTYPES_H 1
| #define HAVE_STDINT_H 1
| #define HAVE_STRINGS_H 1
| #define HAVE_SYS_STAT_H 1
| #define HAVE_SYS_TYPES_H 1
| #define HAVE_UNISTD_H 1
| #define HAVE_WCHAR_H 1
| #define STDC_HEADERS 1
| #define _ALL_SOURCE 1
| #define _DARWIN_C_SOURCE 1
| #define _GNU_SOURCE 1
| #define _HPUX_ALT_XOPEN_SOCKET_API 1
| #define _NETBSD_SOURCE 1
| #define _OPENBSD_SOURCE 1
| #define _POSIX_PTHREAD_SEMANTICS 1
| #define __STDC_WANT_IEC_60559_ATTRIBS_EXT__ 1
| #define __STDC_WANT_IEC_60559_BFP_EXT__ 1
| #define __STDC_WANT_IEC_60559_DFP_EXT__ 1
| #define __STDC_WANT_IEC_60559_FUNCS_EXT__ 1
| #define __STDC_WANT_IEC_60559_TYPES_EXT__ 1
| #define __STDC_WANT_LIB_EXT2__ 1
| #define __STDC_WANT_MATH_SPEC_FUNCS__ 1
| #define _TANDEM_SOURCE 1
| #define __EXTENSIONS__ 1
| #define HAVE_DLFCN_H 1
| #define LT_OBJDIR ".libs/"
| #define PCRE2_EXP_DECL extern __attribute__ ((visibility ("default")))
| #define PCRE2_EXP_DEFN __attribute__ ((visibility ("default")))
| #define PCRE2POSIX_EXP_DECL extern __attribute__ ((visibility ("default")))
| #define PCRE2POSIX_EXP_DEFN extern __attribute__ ((visibility ("default")))
| #define HAVE_VISIBILITY 1
| #define HAVE_ATTRIBUTE_UNINITIALIZED 1
| #define HAVE_LIMITS_H 1
| #define HAVE_SYS_TYPES_H 1
| #define HAVE_SYS_STAT_H 1
| #define HAVE_DIRENT_H 1
| #define HAVE_SYS_WAIT_H 1
| #define HAVE_BCOPY 1
| #define HAVE_MEMFD_CREATE 1
| #define HAVE_MEMMOVE 1
| #define HAVE_MKOSTEMP 1
| #define HAVE_SECURE_GETENV 1
| #define HAVE_STRERROR 1
| #define HAVE_REALPATH 1
| #define HAVE_ZLIB_H 1
| /* end confdefs.h.  */
| 
| #ifdef HAVE_BZLIB_H
| #include <bzlib.h>
| #endif
| int
| main (void)
| {
| return (int)BZ2_bzopen("conftest", "rb");
|   ;
|   return 0;
| }
configure:14911: result: no
configure:16402: checking whether Intel CET is enabled
configure:16423: cc -c -O2 -fomit-frame-pointer -pipe   conftest.c >&5
conftest.c: In function 'main':
conftest.c:79:3: error: #error CET is not enabled
   79 | # error CET is not enabled
      |   ^~~~~
configure:16423: $? = 1
configure: failed program was:
| /* confdefs.h */
| #define PACKAGE_NAME "PCRE2"
| #define PACKAGE_TARNAME "pcre2"
| #define PACKAGE_VERSION "10.42"
| #define PACKAGE_STRING "PCRE2 10.42"
| #define PACKAGE_BUGREPORT ""
| #define PACKAGE_URL ""
| #define PACKAGE "pcre2"
| #define VERSION "10.42"
| #define HAVE_STDIO_H 1
| #define HAVE_STDLIB_H 1
| #define HAVE_STRING_H 1
| #define HAVE_INTTYPES_H 1
| #define HAVE_STDINT_H 1
| #define HAVE_STRINGS_H 1
| #define HAVE_SYS_STAT_H 1
| #define HAVE_SYS_TYPES_H 1
| #define HAVE_UNISTD_H 1
| #define HAVE_WCHAR_H 1
| #define STDC_HEADERS 1
| #define _ALL_SOURCE 1
| #define _DARWIN_C_SOURCE 1
| #define _GNU_SOURCE 1
| #define _HPUX_ALT_XOPEN_SOCKET_API 1
| #define _NETBSD_SOURCE 1
| #define _OPENBSD_SOURCE 1
| #define _POSIX_PTHREAD_SEMANTICS 1
| #define __STDC_WANT_IEC_60559_ATTRIBS_EXT__ 1
| #define __STDC_WANT_IEC_60559_BFP_EXT__ 1
| #define __STDC_WANT_IEC_60559_DFP_EXT__ 1
| #define __STDC_WANT_IEC_60559_FUNCS_EXT__ 1
| #define __STDC_WANT_IEC_60559_TYPES_EXT__ 1
| #define __STDC_WANT_LIB_EXT2__ 1
| #define __STDC_WANT_MATH_SPEC_FUNCS__ 1
| #define _TANDEM_SOURCE 1
| #define __EXTENSIONS__ 1
| #define HAVE_DLFCN_H 1
| #define LT_OBJDIR ".libs/"
| #define PCRE2_EXP_DECL extern __attribute__ ((visibility ("default")))
| #define PCRE2_EXP_DEFN __attribute__ ((visibility ("default")))
| #define PCRE2POSIX_EXP_DECL extern __attribute__ ((visibility ("default")))
| #define PCRE2POSIX_EXP_DEFN extern __attribute__ ((visibility ("default")))
| #define HAVE_VISIBILITY 1
| #define HAVE_ATTRIBUTE_UNINITIALIZED 1
| #define HAVE_LIMITS_H 1
| #define HAVE_SYS_TYPES_H 1
| #define HAVE_SYS_STAT_H 1
| #define HAVE_DIRENT_H 1
| #define HAVE_SYS_WAIT_H 1
| #define HAVE_BCOPY 1
| #define HAVE_MEMFD_CREATE 1
| #define HAVE_MEMMOVE 1
| #define HAVE_MKOSTEMP 1
| #define HAVE_SECURE_GETENV 1
| #define HAVE_STRERROR 1
| #define HAVE_REALPATH 1
| #define HAVE_ZLIB_H 1
| #define PCRE2_STATIC 1
| #define SUPPORT_PCRE2_8 /**/
| #define SUPPORT_PCRE2GREP_CALLOUT_FORK /**/
| #define SUPPORT_PCRE2GREP_CALLOUT /**/
| #define SUPPORT_UNICODE /**/
| #define PCRE2GREP_BUFSIZE 20480
| #define PCRE2GREP_MAX_BUFSIZE 1048576
| #define NEWLINE_DEFAULT 2
| #define LINK_SIZE 2
| #define PARENS_NEST_LIMIT 250
| #define MATCH_LIMIT 10000000
| #define MATCH_LIMIT_DEPTH MATCH_LIMIT
| #define HEAP_LIMIT 20000000
| #define MAX_NAME_SIZE 32
| #define MAX_NAME_COUNT 10000
| /* end confdefs.h.  */
| 
| int
| main (void)
| {
| #ifndef __CET__
| # error CET is not enabled
| #endif
|   ;
|   return 0;
| }
configure:16430: result: no
configure:16562: checking that generated files are newer than configure
configure:16568: result: done
configure:16631: creating ./config.status

## ---------------------- ##
## Running config.status. ##
## ---------------------- ##

This file was extended by PCRE2 config.status 10.42, which was
generated by GNU Autoconf 2.71.  Invocation command line was

  CONFIG_FILES    = 
  CONFIG_HEADERS  = 
  CONFIG_LINKS    = 
  CONFIG_COMMANDS = 
  $ ./config.status 

on osti

config.status:1199: creating Makefile
config.status:1199: creating libpcre2-8.pc
config.status:1199: creating libpcre2-16.pc
config.status:1199: creating libpcre2-32.pc
config.status:1199: creating libpcre2-posix.pc
config.status:1199: creating pcre2-config
config.status:1199: creating src/pcre2.h
config.status:1199: creating src/config.h
config.status:1428: executing depfiles commands
config.status:1505: cd .       && sed -e '/# am--include-marker/d' Makefile         | make -f - am--depfiles
make[2]: Entering directory '/home/osti/OpenQSocketMultiple/deps/pcre'
make[2]: Leaving directory '/home/osti/OpenQSocketMultiple/deps/pcre'
config.status:1510: $? = 0
config.status:1428: executing libtool commands
config.status:1428: executing script-chmod commands
config.status:1428: executing delete-old-chartables commands

## ---------------- ##
## Cache variables. ##
## ---------------- ##

ac_cv_build=aarch64-unknown-linux-gnu
ac_cv_c_compiler_gnu=yes
ac_cv_c_const=yes
ac_cv_c_int64_t=yes
ac_cv_env_CC_set=set
ac_cv_env_CC_value=cc
ac_cv_env_CFLAGS_set=set
ac_cv_env_CFLAGS_value='-O2 -fomit-frame-pointer -pipe '
ac_cv_env_CPPFLAGS_set=
ac_cv_env_CPPFLAGS_value=
ac_cv_env_GENHTML_set=
ac_cv_env_GENHTML_value=
ac_cv_env_LCOV_set=
ac_cv_env_LCOV_value=
ac_cv_env_LDFLAGS_set=
ac_cv_env_LDFLAGS_value=
ac_cv_env_LIBS_set=
ac_cv_env_LIBS_value=
ac_cv_env_LT_SYS_LIBRARY_PATH_set=
ac_cv_env_LT_SYS_LIBRARY_PATH_value=
ac_cv_env_PKG_CONFIG_LIBDIR_set=
ac_cv_env_PKG_CONFIG_LIBDIR_value=
ac_cv_env_PKG_CONFIG_PATH_set=
ac_cv_env_PKG_CONFIG_PATH_value=
ac_cv_env_PKG_CONFIG_set=
ac_cv_env_PKG_CONFIG_value=
ac_cv_env_VALGRIND_CFLAGS_set=
ac_cv_env_VALGRIND_CFLAGS_value=
ac_cv_env_VALGRIND_LIBS_set=
ac_cv_env_VALGRIND_LIBS_value=
ac_cv_env_build_alias_set=
ac_cv_env_build_alias_value=
ac_cv_env_host_alias_set=
ac_cv_env_host_alias_value=
ac_cv_env_target_alias_set=
ac_cv_env_target_alias_value=
ac_cv_func_bcopy=yes
ac_cv_func_memfd_create=yes
ac_cv_func_memmove=yes
ac_cv_func_mkostemp=yes
ac_cv_func_secure_getenv=yes
ac_cv_func_strerror=yes
ac_cv_header_bzlib_h=no
ac_cv_header_dirent_h=yes
ac_cv_header_dlfcn_h=yes
ac_cv_header_inttypes_h=yes
ac_cv_header_limits_h=yes
ac_cv_header_minix_config_h=no
ac_cv_header_stdint_h=yes
ac_cv_header_stdio_h=yes
ac_cv_header_stdlib_h=yes
ac_cv_header_string_h=yes
ac_cv_header_strings_h=yes
ac_cv_header_sys_stat_h=yes
ac_cv_header_sys_types_h=yes
ac_cv_header_sys_wait_h=yes
ac_cv_header_unistd_h=yes
ac_cv_header_wchar_h=yes
ac_cv_header_windows_h=no
ac_cv_header_zlib_h=yes
ac_cv_host=aarch64-unknown-linux-gnu
ac_cv_lib_z_gzopen=yes
ac_cv_objext=o
ac_cv_path_EGREP='/usr/bin/grep -E'
ac_cv_path_FGREP='/usr/bin/grep -F'
ac_cv_path_GREP=/usr/bin/grep
ac_cv_path_SED=/usr/bin/sed
ac_cv_path_install='/usr/bin/install -c'
ac_cv_path_lt_DD=/usr/bin/dd
ac_cv_path_mkdir=/usr/bin/mkdir
ac_cv_prog_AWK=mawk
ac_cv_prog_ac_ct_AR=ar
ac_cv_prog_ac_ct_CC=cc
ac_cv_prog_ac_ct_FILECMD=file
ac_cv_prog_ac_ct_MANIFEST_TOOL=mt
ac_cv_prog_ac_ct_OBJDUMP=objdump
ac_cv_prog_ac_ct_RANLIB=ranlib
ac_cv_prog_ac_ct_STRIP=strip
ac_cv_prog_cc_c11=
ac_cv_prog_cc_g=yes
ac_cv_prog_cc_stdc=
ac_cv_prog_make_make_set=yes
ac_cv_safe_to_define___extensions__=yes
ac_cv_should_define__xopen_source=no
ac_cv_sys_file_offset_bits=no
ac_cv_sys_largefile_CC=no
ac_cv_type_size_t=yes
am_cv_CC_dependencies_compiler_type=gcc3
am_cv_ar_interface=ar
am_cv_make_support_nested_variables=yes
am_cv_prog_cc_c_o=yes
lt_cv_ar_at_file=@
lt_cv_deplibs_check_method=pass_all
lt_cv_file_magic_cmd='$MAGIC_CMD'
lt_cv_file_magic_test_file=
lt_cv_ld_reload_flag=-r
lt_cv_nm_interface='BSD nm'
lt_cv_objdir=.libs
lt_cv_path_LD=/usr/bin/ld
lt_cv_path_NM='/usr/bin/nm -B'
lt_cv_path_mainfest_tool=no
lt_cv_prog_compiler_c_o=yes
lt_cv_prog_compiler_pic='-fPIC -DPIC'
lt_cv_prog_compiler_pic_works=yes
lt_cv_prog_compiler_rtti_exceptions=no
lt_cv_prog_compiler_static_works=yes
lt_cv_prog_gnu_ld=yes
lt_cv_sharedlib_from_linklib_cmd='printf %s\n'
lt_cv_shlibpath_overrides_runpath=yes
lt_cv_sys_global_symbol_pipe='/usr/bin/sed -n -e '\''s/^.*[	 ]\([ABCDGIRSTW][ABCDGIRSTW]*\)[	 ][	 ]*\([_A-Za-z][_A-Za-z0-9]*\)$/\1 \2 \2/p'\'' | /usr/bin/sed '\''/ __gnu_lto/d'\'''
lt_cv_sys_global_symbol_to_c_name_address='/usr/bin/sed -n -e '\''s/^: \(.*\) .*$/  {"\1", (void *) 0},/p'\'' -e '\''s/^[ABCDGIRSTW][ABCDGIRSTW]* .* \(.*\)$/  {"\1", (void *) \&\1},/p'\'''
lt_cv_sys_global_symbol_to_c_name_address_lib_prefix='/usr/bin/sed -n -e '\''s/^: \(.*\) .*$/  {"\1", (void *) 0},/p'\'' -e '\''s/^[ABCDGIRSTW][ABCDGIRSTW]* .* \(lib.*\)$/  {"\1", (void *) \&\1},/p'\'' -e '\''s/^[ABCDGIRSTW][ABCDGIRSTW]* .* \(.*\)$/  {"lib\1", (void *) \&\1},/p'\'''
lt_cv_sys_global_symbol_to_cdecl='/usr/bin/sed -n -e '\''s/^T .* \(.*\)$/extern int \1();/p'\'' -e '\''s/^[ABCDGIRSTW][ABCDGIRSTW]* .* \(.*\)$/extern char \1;/p'\'''
lt_cv_sys_global_symbol_to_import=
lt_cv_sys_max_cmd_len=1572864
lt_cv_to_host_file_cmd=func_convert_file_noop
lt_cv_to_tool_file_cmd=func_convert_file_noop
lt_cv_truncate_bin='/usr/bin/dd bs=4096 count=1'
pcre2_cc_cv_attribute_uninitialized=yes
pcre2_cc_cv_intel_cet_enabled=no
pcre2_cv_cc_vis_werror=yes
pcre2_cv_cc_visibility=yes

## ----------------- ##
## Output variables. ##
## ----------------- ##

ACLOCAL='${SHELL} '\''/home/osti/OpenQSocketMultiple/deps/pcre/missing'\'' aclocal-1.16'
AMDEPBACKSLASH='\'
AMDEP_FALSE='#'
AMDEP_TRUE=''
AMTAR='$${TAR-tar}'
AM_BACKSLASH='\'
AM_DEFAULT_V='$(AM_DEFAULT_VERBOSITY)'
AM_DEFAULT_VERBOSITY='0'
AM_V='$(V)'
AR='ar'
AS='as'
AUTOCONF='${SHELL} '\''/home/osti/OpenQSocketMultiple/deps/pcre/missing'\'' autoconf'
AUTOHEADER='${SHELL} '\''/home/osti/OpenQSocketMultiple/deps/pcre/missing'\'' autoheader'
AUTOMAKE='${SHELL} '\''/home/osti/OpenQSocketMultiple/deps/pcre/missing'\'' automake-1.16'
AWK='mawk'
CC='cc'
CCDEPMODE='depmode=gcc3'
CET_CFLAGS=''
CFLAGS='-O2 -fomit-frame-pointer -pipe '
CPPFLAGS=''
CSCOPE='cscope'
CTAGS='ctags'
CYGPATH_W='echo'
DEFS='-DHAVE_CONFIG_H'
DEPDIR='.deps'
DISTCHECK_CONFIGURE_FLAGS='CFLAGS='\'''\'' CXXFLAGS='\'''\'' --enable-pcre2-16 --enable-pcre2-32 --enable-jit'
DLLTOOL='false'
DSYMUTIL=''
DUMPBIN=''
ECHO_C=''
ECHO_N='-n'
ECHO_T=''
EGREP='/usr/bin/grep -E'
ETAGS='etags'
EXEEXT=''
EXTRA_LIBPCRE2_16_LDFLAGS='    -version-info 11:2:11'
EXTRA_LIBPCRE2_32_LDFLAGS='    -version-info 11:2:11'
EXTRA_LIBPCRE2_8_LDFLAGS='    -version-info 11:2:11'
EXTRA_LIBPCRE2_POSIX_LDFLAGS='    -version-info 3:4:0'
FGREP='/usr/bin/grep -F'
FILECMD='file'
GCOV_CFLAGS=''
GCOV_CXXFLAGS=''
GCOV_LIBS=''
GENHTML=''
GREP='/usr/bin/grep'
HAVE_VISIBILITY='1'
INSTALL_DATA='${INSTALL} -m 644'
INSTALL_PROGRAM='${INSTALL}'
INSTALL_SCRIPT='${INSTALL}'
INSTALL_STRIP_PROGRAM='$(install_sh) -c -s'
LCOV=''
LD='/usr/bin/ld'
LDFLAGS=''
LIBBZ2=''
LIBOBJS=''
LIBREADLINE=''
LIBS=''
LIBTOOL='$(SHELL) $(top_builddir)/libtool'
LIBZ=''
LIB_POSTFIX=''
LIPO=''
LN_S='ln -s'
LTLIBOBJS=''
LT_SYS_LIBRARY_PATH=''
MAKEINFO='${SHELL} '\''/home/osti/OpenQSocketMultiple/deps/pcre/missing'\'' makeinfo'
MANIFEST_TOOL=':'
MKDIR_P='/usr/bin/mkdir -p'
NM='/usr/bin/nm -B'
NMEDIT=''
OBJDUMP='objdump'
OBJEXT='o'
OTOOL64=''
OTOOL=''
PACKAGE='pcre2'
PACKAGE_BUGREPORT=''
PACKAGE_NAME='PCRE2'
PACKAGE_STRING='PCRE2 10.42'
PACKAGE_TARNAME='pcre2'
PACKAGE_URL=''
PACKAGE_VERSION='10.42'
PATH_SEPARATOR=':'
PCRE2_DATE='2022-12-11'
PCRE2_MAJOR='10'
PCRE2_MINOR='42'
PCRE2_PRERELEASE=''
PCRE2_STATIC_CFLAG='-DPCRE2_STATIC'
PKG_CONFIG=''
PKG_CONFIG_LIBDIR=''
PKG_CONFIG_PATH=''
PTHREAD_CC=''
PTHREAD_CFLAGS=''
PTHREAD_LIBS=''
RANLIB='ranlib'
SED='/usr/bin/sed'
SET_MAKE=''
SHELL='/bin/bash'
SHTOOL=''
STRIP='strip'
VALGRIND_CFLAGS=''
VALGRIND_LIBS=''
VERSION='10.42'
VISIBILITY_CFLAGS='-fvisibility=hidden'
VISIBILITY_CXXFLAGS='-fvisibility=hidden -fvisibility-inlines-hidden'
WITH_DEBUG_FALSE=''
WITH_DEBUG_TRUE='#'
WITH_FUZZ_SUPPORT_FALSE=''
WITH_FUZZ_SUPPORT_TRUE='#'
WITH_GCOV_FALSE=''
WITH_GCOV_TRUE='#'
WITH_JIT_FALSE=''
WITH_JIT_TRUE='#'
WITH_PCRE2_16_FALSE=''
WITH_PCRE2_16_TRUE='#'
WITH_PCRE2_32_FALSE=''
WITH_PCRE2_32_TRUE='#'
WITH_PCRE2_8_FALSE='#'
WITH_PCRE2_8_TRUE=''
WITH_REBUILD_CHARTABLES_FALSE=''
WITH_REBUILD_CHARTABLES_TRUE='#'
WITH_UNICODE_FALSE='#'
WITH_UNICODE_TRUE=''
WITH_VALGRIND_FALSE=''
WITH_VALGRIND_TRUE='#'
ac_ct_AR='ar'
ac_ct_CC='cc'
ac_ct_DUMPBIN=''
am__EXEEXT_FALSE=''
am__EXEEXT_TRUE='#'
am__fastdepCC_FALSE='#'
am__fastdepCC_TRUE=''
am__include='include'
am__isrc=''
am__leading_dot='.'
am__nodep='_no'
am__quote=''
am__tar='$${TAR-tar} chof - "$$tardir"'
am__untar='$${TAR-tar} xf -'
ax_pthread_config=''
bindir='${exec_prefix}/bin'
build='aarch64-unknown-linux-gnu'
build_alias=''
build_cpu='aarch64'
build_os='linux-gnu'
build_vendor='unknown'
datadir='${datarootdir}'
datarootdir='${prefix}/share'
docdir='${datarootdir}/doc/${PACKAGE_TARNAME}'
dvidir='${docdir}'
enable_pcre2_16='no'
enable_pcre2_32='no'
enable_pcre2_8='yes'
exec_prefix='${prefix}'
host='aarch64-unknown-linux-gnu'
host_alias=''
host_cpu='aarch64'
host_os='linux-gnu'
host_vendor='unknown'
htmldir='${docdir}/html'
includedir='${prefix}/include'
infodir='${datarootdir}/info'
install_sh='${SHELL} /home/osti/OpenQSocketMultiple/deps/pcre/install-sh'
libdir='${exec_prefix}/lib'
libexecdir='${exec_prefix}/libexec'
localedir='${datarootdir}/locale'
localstatedir='${prefix}/var'
mandir='${datarootdir}/man'
mkdir_p='$(MKDIR_P)'
oldincludedir='/usr/include'
pdfdir='${docdir}'
prefix='/usr/local'
program_transform_name='s,x,x,'
psdir='${docdir}'
runstatedir='${localstatedir}/run'
sbindir='${exec_prefix}/sbin'
sharedstatedir='${prefix}/com'
sysconfdir='${prefix}/etc'
target_alias=''

## ----------- ##
## confdefs.h. ##
## ----------- ##

/* confdefs.h */
#define PACKAGE_NAME "PCRE2"
#define PACKAGE_TARNAME "pcre2"
#define PACKAGE_VERSION "10.42"
#define PACKAGE_STRING "PCRE2 10.42"
#define PACKAGE_BUGREPORT ""
#define PACKAGE_URL ""
#define PACKAGE "pcre2"
#define VERSION "10.42"
#define HAVE_STDIO_H 1
#define HAVE_STDLIB_H 1
#define HAVE_STRING_H 1
#define HAVE_INTTYPES_H 1
#define HAVE_STDINT_H 1
#define HAVE_STRINGS_H 1
#define HAVE_SYS_STAT_H 1
#define HAVE_SYS_TYPES_H 1
#define HAVE_UNISTD_H 1
#define HAVE_WCHAR_H 1
#define STDC_HEADERS 1
#define _ALL_SOURCE 1
#define _DARWIN_C_SOURCE 1
#define _GNU_SOURCE 1
#define _HPUX_ALT_XOPEN_SOCKET_API 1
#define _NETBSD_SOURCE 1
#define _OPENBSD_SOURCE 1
#define _POSIX_PTHREAD_SEMANTICS 1
#define __STDC_WANT_IEC_60559_ATTRIBS_EXT__ 1
#define __STDC_WANT_IEC_60559_BFP_EXT__ 1
#define __STDC_WANT_IEC_60559_DFP_EXT__ 1
#define __STDC_WANT_IEC_60559_FUNCS_EXT__ 1
#define __STDC_WANT_IEC_60559_TYPES_EXT__ 1
#define __STDC_WANT_LIB_EXT2__ 1
#define __STDC_WANT_MATH_SPEC_FUNCS__ 1
#define _TANDEM_SOURCE 1
#define __EXTENSIONS__ 1
#define HAVE_DLFCN_H 1
#define LT_OBJDIR ".libs/"
#define PCRE2_EXP_DECL extern __attribute__ ((visibility ("default")))
#define PCRE2_EXP_DEFN __attribute__ ((visibility ("default")))
#define PCRE2POSIX_EXP_DECL extern __attribute__ ((visibility ("default")))
#define PCRE2POSIX_EXP_DEFN extern __attribute__ ((visibility ("default")))
#define HAVE_VISIBILITY 1
#define HAVE_ATTRIBUTE_UNINITIALIZED 1
#define HAVE_LIMITS_H 1
#define HAVE_SYS_TYPES_H 1
#define HAVE_SYS_STAT_H 1
#define HAVE_DIRENT_H 1
#define HAVE_SYS_WAIT_H 1
#define HAVE_BCOPY 1
#define HAVE_MEMFD_CREATE 1
#define HAVE_MEMMOVE 1
#define HAVE_MKOSTEMP 1
#define HAVE_SECURE_GETENV 1
#define HAVE_STRERROR 1
#define HAVE_REALPATH 1
#define HAVE_ZLIB_H 1
#define PCRE2_STATIC 1
#define SUPPORT_PCRE2_8 /**/
#define SUPPORT_PCRE2GREP_CALLOUT_FORK /**/
#define SUPPORT_PCRE2GREP_CALLOUT /**/
#define SUPPORT_UNICODE /**/
#define PCRE2GREP_BUFSIZE 20480
#define PCRE2GREP_MAX_BUFSIZE 1048576
#define NEWLINE_DEFAULT 2
#define LINK_SIZE 2
#define PARENS_NEST_LIMIT 250
#define MATCH_LIMIT 10000000
#define MATCH_LIMIT_DEPTH MATCH_LIMIT
#define HEAP_LIMIT 20000000
#define MAX_NAME_SIZE 32
#define MAX_NAME_COUNT 10000

configure: exit 0
